// Jest Snapshot v1, https://goo.gl/fbAQLP

exports[`npmrc default 1`] = `"{  \\"options\\": {    \\"ts\\": false,    \\"tslint\\": false,    \\"es\\": false,    \\"eslint\\": false,    \\"editorconfig\\": false,    \\"prettier\\": false,    \\"stylelint\\": false,    \\"gitignore\\": false,    \\"npmrc\\": true,    \\"readme\\": false,    \\"githooks\\": false,    \\"commitlint\\": false,    \\"nodeVersion\\": false,    \\"webpack\\": false,    \\"install\\": false,    \\"force\\": true,    \\"dryRun\\": false,    \\"mode\\": \\"api\\"  },  \\"mergedFiles\\": {    \\".npmrc\\": {      \\"override\\": false,      \\"data\\": \\"save-exact=true\\\\n\\"    }  }}"`;

exports[`npmrc default 2`] = `"save-exact=true"`;
