// Jest Snapshot v1, https://goo.gl/fbAQLP

exports[`tsconfig default 1`] = `
"{
  \\"devDependencies\\": {
    \\"@namics/ts-config\\": \\"0.3.2\\",
    \\"typescript\\": \\"3.6.4\\"
  }
}"
`;

exports[`tsconfig default 2`] = `
"{
	\\"extends\\": \\"@namics/ts-config\\",
	\\"exclude\\": [\\"dist\\", \\"build\\", \\"node_modules\\", \\"__tests__\\"]
}
"
`;

exports[`tsconfig default 3`] = `
Array [
  package.json,
  tsconfig.json,
]
`;
